error: the `#[pure]` attribute does not take parameters
 --> $DIR/no-attr-params.rs:8:8
  |
8 | #[pure(dont write things here)]
  |        ^^^^^^^^^^^^^^^^^^^^^^

error: the `#[trusted]` attribute does not take parameters
  --> $DIR/no-attr-params.rs:13:11
   |
13 | #[trusted(dont write things here)]
   |           ^^^^^^^^^^^^^^^^^^^^^^

error: aborting due to 2 previous errors

